2026-02-04 00:37:21 - SovereignCore - INFO - Backup created: E:\Sovereign_System\Backups\sovereign_backup_20260204_003721.json
2026-02-04 00:37:21 - SovereignCore - INFO - Sovereign Core V5.1 Started V5.1
2026-02-04 00:37:21 - SovereignCore - INFO - Dashboard updated at: E:\Sovereign_System\Dashboard\sovereign_dashboard_LIVE.html
2026-02-04 00:37:24 - SovereignCore - INFO - Dashboard updated at: E:\Sovereign_System\Dashboard\sovereign_dashboard_LIVE.html
2026-02-04 00:37:27 - SovereignCore - INFO - Dashboard updated at: E:\Sovereign_System\Dashboard\sovereign_dashboard_LIVE.html
2026-02-04 00:37:30 - SovereignCore - INFO - Dashboard updated at: E:\Sovereign_System\Dashboard\sovereign_dashboard_LIVE.html
2026-02-04 00:37:34 - SovereignCore - INFO - Dashboard updated at: E:\Sovereign_System\Dashboard\sovereign_dashboard_LIVE.html
2026-02-04 00:37:37 - SovereignCore - INFO - Dashboard updated at: E:\Sovereign_System\Dashboard\sovereign_dashboard_LIVE.html
2026-02-04 00:37:40 - SovereignCore - INFO - Dashboard updated at: E:\Sovereign_System\Dashboard\sovereign_dashboard_LIVE.html
2026-02-04 00:37:43 - SovereignCore - INFO - Dashboard updated at: E:\Sovereign_System\Dashboard\sovereign_dashboard_LIVE.html
2026-02-04 00:37:44 - SovereignCore - INFO - System shutting down...
2026-02-04 00:37:44 - SovereignCore - INFO - Sovereign Core Closed Successfully
2026-02-04 00:37:49 - SovereignCore - INFO - Backup created: E:\Sovereign_System\Backups\sovereign_backup_20260204_003749.json
2026-02-04 00:37:49 - SovereignCore - INFO - Sovereign Core V5.1 Started V5.1
2026-02-04 00:37:49 - SovereignCore - INFO - Main update loop started ...
2026-02-04 00:37:49 - SovereignCore - INFO - Dashboard updated at: E:\Sovereign_System\Dashboard\sovereign_dashboard_LIVE.html
2026-02-04 00:37:53 - SovereignCore - INFO - Dashboard updated at: E:\Sovereign_System\Dashboard\sovereign_dashboard_LIVE.html
2026-02-04 00:37:56 - SovereignCore - INFO - Dashboard updated at: E:\Sovereign_System\Dashboard\sovereign_dashboard_LIVE.html
2026-02-04 00:38:00 - SovereignCore - INFO - Dashboard updated at: E:\Sovereign_System\Dashboard\sovereign_dashboard_LIVE.html
2026-02-04 00:38:03 - SovereignCore - INFO - Dashboard updated at: E:\Sovereign_System\Dashboard\sovereign_dashboard_LIVE.html
2026-02-04 00:38:06 - SovereignCore - INFO - Dashboard updated at: E:\Sovereign_System\Dashboard\sovereign_dashboard_LIVE.html
2026-02-04 00:38:09 - SovereignCore - INFO - Dashboard updated at: E:\Sovereign_System\Dashboard\sovereign_dashboard_LIVE.html
2026-02-04 00:38:12 - SovereignCore - INFO - Dashboard updated at: E:\Sovereign_System\Dashboard\sovereign_dashboard_LIVE.html
2026-02-04 00:38:15 - SovereignCore - INFO - Dashboard updated at: E:\Sovereign_System\Dashboard\sovereign_dashboard_LIVE.html
2026-02-04 00:38:19 - SovereignCore - INFO - Dashboard updated at: E:\Sovereign_System\Dashboard\sovereign_dashboard_LIVE.html
2026-02-04 00:38:22 - SovereignCore - INFO - Dashboard updated at: E:\Sovereign_System\Dashboard\sovereign_dashboard_LIVE.html
2026-02-04 00:38:25 - SovereignCore - INFO - Dashboard updated at: E:\Sovereign_System\Dashboard\sovereign_dashboard_LIVE.html
2026-02-04 00:38:28 - SovereignCore - INFO - Dashboard updated at: E:\Sovereign_System\Dashboard\sovereign_dashboard_LIVE.html
2026-02-04 00:38:31 - SovereignCore - INFO - Dashboard updated at: E:\Sovereign_System\Dashboard\sovereign_dashboard_LIVE.html
2026-02-04 00:38:35 - SovereignCore - INFO - Dashboard updated at: E:\Sovereign_System\Dashboard\sovereign_dashboard_LIVE.html
2026-02-04 00:38:38 - SovereignCore - INFO - Dashboard updated at: E:\Sovereign_System\Dashboard\sovereign_dashboard_LIVE.html
2026-02-04 00:38:41 - SovereignCore - INFO - Dashboard updated at: E:\Sovereign_System\Dashboard\sovereign_dashboard_LIVE.html
2026-02-04 00:38:44 - SovereignCore - INFO - Dashboard updated at: E:\Sovereign_System\Dashboard\sovereign_dashboard_LIVE.html
2026-02-04 00:38:47 - SovereignCore - INFO - Dashboard updated at: E:\Sovereign_System\Dashboard\sovereign_dashboard_LIVE.html
2026-02-04 00:38:50 - SovereignCore - INFO - Dashboard updated at: E:\Sovereign_System\Dashboard\sovereign_dashboard_LIVE.html
2026-02-04 00:38:53 - SovereignCore - INFO - Dashboard updated at: E:\Sovereign_System\Dashboard\sovereign_dashboard_LIVE.html
2026-02-04 00:38:57 - SovereignCore - INFO - Dashboard updated at: E:\Sovereign_System\Dashboard\sovereign_dashboard_LIVE.html
2026-02-04 00:39:00 - SovereignCore - INFO - Dashboard updated at: E:\Sovereign_System\Dashboard\sovereign_dashboard_LIVE.html
2026-02-04 00:39:03 - SovereignCore - INFO - Dashboard updated at: E:\Sovereign_System\Dashboard\sovereign_dashboard_LIVE.html
2026-02-04 00:39:06 - SovereignCore - INFO - Dashboard updated at: E:\Sovereign_System\Dashboard\sovereign_dashboard_LIVE.html
2026-02-04 00:39:09 - SovereignCore - INFO - Dashboard updated at: E:\Sovereign_System\Dashboard\sovereign_dashboard_LIVE.html
2026-02-04 00:39:12 - SovereignCore - INFO - Dashboard updated at: E:\Sovereign_System\Dashboard\sovereign_dashboard_LIVE.html
2026-02-04 00:39:15 - SovereignCore - INFO - Dashboard updated at: E:\Sovereign_System\Dashboard\sovereign_dashboard_LIVE.html
2026-02-04 00:39:19 - SovereignCore - INFO - Dashboard updated at: E:\Sovereign_System\Dashboard\sovereign_dashboard_LIVE.html
2026-02-04 00:39:22 - SovereignCore - INFO - Dashboard updated at: E:\Sovereign_System\Dashboard\sovereign_dashboard_LIVE.html
2026-02-04 00:39:22 - SovereignCore - INFO - Memory Usage: 23.98 MB
2026-02-04 00:39:25 - SovereignCore - INFO - Dashboard updated at: E:\Sovereign_System\Dashboard\sovereign_dashboard_LIVE.html
2026-02-04 00:39:29 - SovereignCore - INFO - Dashboard updated at: E:\Sovereign_System\Dashboard\sovereign_dashboard_LIVE.html
2026-02-04 00:39:33 - SovereignCore - INFO - Dashboard updated at: E:\Sovereign_System\Dashboard\sovereign_dashboard_LIVE.html
2026-02-04 00:39:36 - SovereignCore - INFO - Dashboard updated at: E:\Sovereign_System\Dashboard\sovereign_dashboard_LIVE.html
2026-02-04 00:39:39 - SovereignCore - INFO - Dashboard updated at: E:\Sovereign_System\Dashboard\sovereign_dashboard_LIVE.html
2026-02-04 00:39:42 - SovereignCore - INFO - Dashboard updated at: E:\Sovereign_System\Dashboard\sovereign_dashboard_LIVE.html
2026-02-04 00:39:45 - SovereignCore - INFO - Dashboard updated at: E:\Sovereign_System\Dashboard\sovereign_dashboard_LIVE.html
2026-02-04 00:39:48 - SovereignCore - INFO - Dashboard updated at: E:\Sovereign_System\Dashboard\sovereign_dashboard_LIVE.html
2026-02-04 00:39:51 - SovereignCore - INFO - Dashboard updated at: E:\Sovereign_System\Dashboard\sovereign_dashboard_LIVE.html
2026-02-04 00:39:55 - SovereignCore - INFO - Dashboard updated at: E:\Sovereign_System\Dashboard\sovereign_dashboard_LIVE.html
2026-02-04 00:39:58 - SovereignCore - INFO - Dashboard updated at: E:\Sovereign_System\Dashboard\sovereign_dashboard_LIVE.html
2026-02-04 00:40:01 - SovereignCore - INFO - Dashboard updated at: E:\Sovereign_System\Dashboard\sovereign_dashboard_LIVE.html
2026-02-04 00:40:04 - SovereignCore - INFO - Dashboard updated at: E:\Sovereign_System\Dashboard\sovereign_dashboard_LIVE.html
2026-02-04 00:40:07 - SovereignCore - INFO - Dashboard updated at: E:\Sovereign_System\Dashboard\sovereign_dashboard_LIVE.html
2026-02-04 00:40:10 - SovereignCore - INFO - Dashboard updated at: E:\Sovereign_System\Dashboard\sovereign_dashboard_LIVE.html
2026-02-04 00:40:13 - SovereignCore - INFO - Dashboard updated at: E:\Sovereign_System\Dashboard\sovereign_dashboard_LIVE.html
2026-02-04 00:40:17 - SovereignCore - INFO - Dashboard updated at: E:\Sovereign_System\Dashboard\sovereign_dashboard_LIVE.html
2026-02-04 00:40:20 - SovereignCore - INFO - Dashboard updated at: E:\Sovereign_System\Dashboard\sovereign_dashboard_LIVE.html
2026-02-04 00:40:23 - SovereignCore - INFO - Dashboard updated at: E:\Sovereign_System\Dashboard\sovereign_dashboard_LIVE.html
2026-02-04 00:40:26 - SovereignCore - INFO - Dashboard updated at: E:\Sovereign_System\Dashboard\sovereign_dashboard_LIVE.html
2026-02-04 00:40:29 - SovereignCore - INFO - Dashboard updated at: E:\Sovereign_System\Dashboard\sovereign_dashboard_LIVE.html
2026-02-04 00:40:32 - SovereignCore - INFO - Dashboard updated at: E:\Sovereign_System\Dashboard\sovereign_dashboard_LIVE.html
2026-02-04 00:40:36 - SovereignCore - INFO - Dashboard updated at: E:\Sovereign_System\Dashboard\sovereign_dashboard_LIVE.html
2026-02-04 00:40:39 - SovereignCore - INFO - Dashboard updated at: E:\Sovereign_System\Dashboard\sovereign_dashboard_LIVE.html
2026-02-04 00:40:42 - SovereignCore - INFO - Dashboard updated at: E:\Sovereign_System\Dashboard\sovereign_dashboard_LIVE.html
2026-02-04 00:40:45 - SovereignCore - INFO - Dashboard updated at: E:\Sovereign_System\Dashboard\sovereign_dashboard_LIVE.html
2026-02-04 00:40:48 - SovereignCore - INFO - Dashboard updated at: E:\Sovereign_System\Dashboard\sovereign_dashboard_LIVE.html
2026-02-04 00:40:51 - SovereignCore - INFO - Dashboard updated at: E:\Sovereign_System\Dashboard\sovereign_dashboard_LIVE.html
2026-02-04 00:40:54 - SovereignCore - INFO - Dashboard updated at: E:\Sovereign_System\Dashboard\sovereign_dashboard_LIVE.html
2026-02-04 00:40:58 - SovereignCore - INFO - Dashboard updated at: E:\Sovereign_System\Dashboard\sovereign_dashboard_LIVE.html
2026-02-04 00:40:58 - SovereignCore - INFO - Memory Usage: 24.87 MB
2026-02-04 00:41:01 - SovereignCore - INFO - Dashboard updated at: E:\Sovereign_System\Dashboard\sovereign_dashboard_LIVE.html
2026-02-04 00:41:04 - SovereignCore - INFO - Dashboard updated at: E:\Sovereign_System\Dashboard\sovereign_dashboard_LIVE.html
2026-02-04 00:41:07 - SovereignCore - INFO - Dashboard updated at: E:\Sovereign_System\Dashboard\sovereign_dashboard_LIVE.html
2026-02-04 00:41:10 - SovereignCore - INFO - Dashboard updated at: E:\Sovereign_System\Dashboard\sovereign_dashboard_LIVE.html
2026-02-04 00:41:13 - SovereignCore - INFO - Dashboard updated at: E:\Sovereign_System\Dashboard\sovereign_dashboard_LIVE.html
2026-02-04 00:41:17 - SovereignCore - INFO - Dashboard updated at: E:\Sovereign_System\Dashboard\sovereign_dashboard_LIVE.html
2026-02-04 00:41:20 - SovereignCore - INFO - Dashboard updated at: E:\Sovereign_System\Dashboard\sovereign_dashboard_LIVE.html
2026-02-04 00:41:23 - SovereignCore - INFO - Dashboard updated at: E:\Sovereign_System\Dashboard\sovereign_dashboard_LIVE.html
2026-02-04 00:41:26 - SovereignCore - INFO - Dashboard updated at: E:\Sovereign_System\Dashboard\sovereign_dashboard_LIVE.html
2026-02-04 00:41:29 - SovereignCore - INFO - Dashboard updated at: E:\Sovereign_System\Dashboard\sovereign_dashboard_LIVE.html
2026-02-04 00:41:32 - SovereignCore - INFO - Dashboard updated at: E:\Sovereign_System\Dashboard\sovereign_dashboard_LIVE.html
2026-02-04 00:41:35 - SovereignCore - INFO - Dashboard updated at: E:\Sovereign_System\Dashboard\sovereign_dashboard_LIVE.html
2026-02-04 00:41:39 - SovereignCore - INFO - Dashboard updated at: E:\Sovereign_System\Dashboard\sovereign_dashboard_LIVE.html
2026-02-04 00:41:42 - SovereignCore - INFO - Dashboard updated at: E:\Sovereign_System\Dashboard\sovereign_dashboard_LIVE.html
2026-02-04 00:41:45 - SovereignCore - INFO - Dashboard updated at: E:\Sovereign_System\Dashboard\sovereign_dashboard_LIVE.html
2026-02-04 00:41:48 - SovereignCore - INFO - Dashboard updated at: E:\Sovereign_System\Dashboard\sovereign_dashboard_LIVE.html
2026-02-04 00:41:51 - SovereignCore - INFO - Dashboard updated at: E:\Sovereign_System\Dashboard\sovereign_dashboard_LIVE.html
2026-02-04 00:41:54 - SovereignCore - INFO - Dashboard updated at: E:\Sovereign_System\Dashboard\sovereign_dashboard_LIVE.html
2026-02-04 00:41:57 - SovereignCore - INFO - Dashboard updated at: E:\Sovereign_System\Dashboard\sovereign_dashboard_LIVE.html
2026-02-04 00:42:05 - SovereignCore - INFO - Backup created: E:\Sovereign_System\Backups\sovereign_backup_20260204_004205.json
2026-02-04 00:42:05 - SovereignCore - INFO - Sovereign Core V5.1 Started V5.1
2026-02-04 00:42:05 - SovereignCore - INFO - Main update loop started ...
2026-02-04 00:42:05 - SovereignCore - INFO - Dashboard updated at: E:\Sovereign_System\Dashboard\sovereign_dashboard_LIVE.html
2026-02-04 00:42:08 - SovereignCore - INFO - Dashboard updated at: E:\Sovereign_System\Dashboard\sovereign_dashboard_LIVE.html
2026-02-04 00:42:11 - SovereignCore - INFO - Dashboard updated at: E:\Sovereign_System\Dashboard\sovereign_dashboard_LIVE.html
2026-02-04 00:42:14 - SovereignCore - INFO - Dashboard updated at: E:\Sovereign_System\Dashboard\sovereign_dashboard_LIVE.html
2026-02-04 00:42:18 - SovereignCore - INFO - Dashboard updated at: E:\Sovereign_System\Dashboard\sovereign_dashboard_LIVE.html
2026-02-04 00:42:21 - SovereignCore - INFO - Dashboard updated at: E:\Sovereign_System\Dashboard\sovereign_dashboard_LIVE.html
2026-02-04 00:42:24 - SovereignCore - INFO - Dashboard updated at: E:\Sovereign_System\Dashboard\sovereign_dashboard_LIVE.html
2026-02-04 00:42:27 - SovereignCore - INFO - Dashboard updated at: E:\Sovereign_System\Dashboard\sovereign_dashboard_LIVE.html
2026-02-04 00:42:30 - SovereignCore - INFO - Dashboard updated at: E:\Sovereign_System\Dashboard\sovereign_dashboard_LIVE.html
2026-02-04 00:42:33 - SovereignCore - INFO - Dashboard updated at: E:\Sovereign_System\Dashboard\sovereign_dashboard_LIVE.html
2026-02-04 00:42:33 - SovereignCore - INFO - Update Cycle #10 - Performance Score: 100
2026-02-04 00:42:36 - SovereignCore - INFO - Dashboard updated at: E:\Sovereign_System\Dashboard\sovereign_dashboard_LIVE.html
2026-02-04 00:42:40 - SovereignCore - INFO - Dashboard updated at: E:\Sovereign_System\Dashboard\sovereign_dashboard_LIVE.html
2026-02-04 00:42:43 - SovereignCore - INFO - Dashboard updated at: E:\Sovereign_System\Dashboard\sovereign_dashboard_LIVE.html
2026-02-04 00:42:46 - SovereignCore - INFO - Dashboard updated at: E:\Sovereign_System\Dashboard\sovereign_dashboard_LIVE.html
2026-02-04 00:42:49 - SovereignCore - INFO - Dashboard updated at: E:\Sovereign_System\Dashboard\sovereign_dashboard_LIVE.html
2026-02-04 00:42:52 - SovereignCore - INFO - Dashboard updated at: E:\Sovereign_System\Dashboard\sovereign_dashboard_LIVE.html
2026-02-04 00:42:55 - SovereignCore - INFO - Dashboard updated at: E:\Sovereign_System\Dashboard\sovereign_dashboard_LIVE.html
2026-02-04 00:42:59 - SovereignCore - INFO - Dashboard updated at: E:\Sovereign_System\Dashboard\sovereign_dashboard_LIVE.html
2026-02-04 00:43:02 - SovereignCore - INFO - Dashboard updated at: E:\Sovereign_System\Dashboard\sovereign_dashboard_LIVE.html
2026-02-04 00:43:05 - SovereignCore - INFO - Dashboard updated at: E:\Sovereign_System\Dashboard\sovereign_dashboard_LIVE.html
2026-02-04 00:43:05 - SovereignCore - INFO - Update Cycle #20 - Performance Score: 100
2026-02-04 00:43:08 - SovereignCore - INFO - Dashboard updated at: E:\Sovereign_System\Dashboard\sovereign_dashboard_LIVE.html
2026-02-04 00:43:11 - SovereignCore - INFO - Dashboard updated at: E:\Sovereign_System\Dashboard\sovereign_dashboard_LIVE.html
2026-02-04 00:43:14 - SovereignCore - INFO - Dashboard updated at: E:\Sovereign_System\Dashboard\sovereign_dashboard_LIVE.html
2026-02-04 00:43:17 - SovereignCore - INFO - Dashboard updated at: E:\Sovereign_System\Dashboard\sovereign_dashboard_LIVE.html
2026-02-04 00:43:21 - SovereignCore - INFO - Dashboard updated at: E:\Sovereign_System\Dashboard\sovereign_dashboard_LIVE.html
2026-02-04 00:43:24 - SovereignCore - INFO - Dashboard updated at: E:\Sovereign_System\Dashboard\sovereign_dashboard_LIVE.html
2026-02-04 00:43:27 - SovereignCore - INFO - Dashboard updated at: E:\Sovereign_System\Dashboard\sovereign_dashboard_LIVE.html
2026-02-04 00:43:30 - SovereignCore - INFO - Dashboard updated at: E:\Sovereign_System\Dashboard\sovereign_dashboard_LIVE.html
2026-02-04 00:43:43 - SovereignCore - INFO - Backup created: E:\Sovereign_System\Backups\sovereign_backup_20260204_004343.json
2026-02-04 00:43:43 - SovereignCore - INFO - Sovereign Core V5.1 Started V5.1
2026-02-04 00:43:43 - SovereignCore - INFO - Main update loop started ...
2026-02-04 00:43:43 - SovereignCore - INFO - Dashboard updated at: E:\Sovereign_System\Dashboard\sovereign_dashboard_LIVE.html
2026-02-04 00:43:46 - SovereignCore - INFO - Dashboard updated at: E:\Sovereign_System\Dashboard\sovereign_dashboard_LIVE.html
2026-02-04 00:43:49 - SovereignCore - INFO - Dashboard updated at: E:\Sovereign_System\Dashboard\sovereign_dashboard_LIVE.html
2026-02-04 00:43:52 - SovereignCore - INFO - Dashboard updated at: E:\Sovereign_System\Dashboard\sovereign_dashboard_LIVE.html
2026-02-04 00:43:55 - SovereignCore - INFO - Dashboard updated at: E:\Sovereign_System\Dashboard\sovereign_dashboard_LIVE.html
2026-02-04 00:43:58 - SovereignCore - INFO - Dashboard updated at: E:\Sovereign_System\Dashboard\sovereign_dashboard_LIVE.html
2026-02-04 00:44:02 - SovereignCore - INFO - Dashboard updated at: E:\Sovereign_System\Dashboard\sovereign_dashboard_LIVE.html
2026-02-04 00:44:05 - SovereignCore - INFO - Dashboard updated at: E:\Sovereign_System\Dashboard\sovereign_dashboard_LIVE.html
2026-02-04 00:44:08 - SovereignCore - INFO - Dashboard updated at: E:\Sovereign_System\Dashboard\sovereign_dashboard_LIVE.html
2026-02-04 00:44:11 - SovereignCore - INFO - Dashboard updated at: E:\Sovereign_System\Dashboard\sovereign_dashboard_LIVE.html
2026-02-04 00:44:11 - SovereignCore - INFO - Update Cycle #10 - Performance Score: 100
2026-02-04 00:44:14 - SovereignCore - INFO - Dashboard updated at: E:\Sovereign_System\Dashboard\sovereign_dashboard_LIVE.html
2026-02-04 00:44:17 - SovereignCore - INFO - Dashboard updated at: E:\Sovereign_System\Dashboard\sovereign_dashboard_LIVE.html
2026-02-04 00:44:20 - SovereignCore - INFO - Dashboard updated at: E:\Sovereign_System\Dashboard\sovereign_dashboard_LIVE.html
2026-02-04 00:44:24 - SovereignCore - INFO - Dashboard updated at: E:\Sovereign_System\Dashboard\sovereign_dashboard_LIVE.html
2026-02-04 00:44:27 - SovereignCore - INFO - Dashboard updated at: E:\Sovereign_System\Dashboard\sovereign_dashboard_LIVE.html
2026-02-04 00:44:30 - SovereignCore - INFO - Dashboard updated at: E:\Sovereign_System\Dashboard\sovereign_dashboard_LIVE.html
2026-02-04 00:44:33 - SovereignCore - INFO - Dashboard updated at: E:\Sovereign_System\Dashboard\sovereign_dashboard_LIVE.html
2026-02-04 00:44:36 - SovereignCore - INFO - Dashboard updated at: E:\Sovereign_System\Dashboard\sovereign_dashboard_LIVE.html
2026-02-04 00:44:39 - SovereignCore - INFO - Dashboard updated at: E:\Sovereign_System\Dashboard\sovereign_dashboard_LIVE.html
2026-02-04 00:44:43 - SovereignCore - INFO - Dashboard updated at: E:\Sovereign_System\Dashboard\sovereign_dashboard_LIVE.html
2026-02-04 00:44:43 - SovereignCore - INFO - Update Cycle #20 - Performance Score: 100
2026-02-04 00:44:46 - SovereignCore - INFO - Dashboard updated at: E:\Sovereign_System\Dashboard\sovereign_dashboard_LIVE.html
2026-02-04 00:44:49 - SovereignCore - INFO - Dashboard updated at: E:\Sovereign_System\Dashboard\sovereign_dashboard_LIVE.html
2026-02-04 00:44:52 - SovereignCore - INFO - Dashboard updated at: E:\Sovereign_System\Dashboard\sovereign_dashboard_LIVE.html
2026-02-04 00:45:10 - SovereignCore - INFO - Backup created: E:\Sovereign_System\Backups\sovereign_backup_20260204_004510.json
2026-02-04 00:45:10 - SovereignCore - INFO - Sovereign Core V5.1 Started V5.1
2026-02-04 00:45:10 - SovereignCore - INFO - Main update loop started ...
2026-02-04 00:45:10 - SovereignCore - INFO - Dashboard updated at: E:\Sovereign_System\Dashboard\sovereign_dashboard_LIVE.html
2026-02-04 00:45:13 - SovereignCore - INFO - Dashboard updated at: E:\Sovereign_System\Dashboard\sovereign_dashboard_LIVE.html
2026-02-04 00:45:16 - SovereignCore - INFO - Dashboard updated at: E:\Sovereign_System\Dashboard\sovereign_dashboard_LIVE.html
2026-02-04 00:45:21 - SovereignCore - INFO - Dashboard updated at: E:\Sovereign_System\Dashboard\sovereign_dashboard_LIVE.html
2026-02-04 00:45:24 - SovereignCore - INFO - Dashboard updated at: E:\Sovereign_System\Dashboard\sovereign_dashboard_LIVE.html
2026-02-04 00:45:27 - SovereignCore - INFO - Dashboard updated at: E:\Sovereign_System\Dashboard\sovereign_dashboard_LIVE.html
2026-02-04 00:45:30 - SovereignCore - INFO - Dashboard updated at: E:\Sovereign_System\Dashboard\sovereign_dashboard_LIVE.html
2026-02-04 00:45:34 - SovereignCore - INFO - Dashboard updated at: E:\Sovereign_System\Dashboard\sovereign_dashboard_LIVE.html
2026-02-04 00:45:37 - SovereignCore - INFO - Dashboard updated at: E:\Sovereign_System\Dashboard\sovereign_dashboard_LIVE.html
2026-02-04 00:45:40 - SovereignCore - INFO - Dashboard updated at: E:\Sovereign_System\Dashboard\sovereign_dashboard_LIVE.html
2026-02-04 00:45:40 - SovereignCore - INFO - Update Cycle #10 - Performance Score: 100
2026-02-04 00:45:43 - SovereignCore - INFO - Dashboard updated at: E:\Sovereign_System\Dashboard\sovereign_dashboard_LIVE.html
2026-02-04 00:45:46 - SovereignCore - INFO - Dashboard updated at: E:\Sovereign_System\Dashboard\sovereign_dashboard_LIVE.html
2026-02-04 00:45:49 - SovereignCore - INFO - Dashboard updated at: E:\Sovereign_System\Dashboard\sovereign_dashboard_LIVE.html
2026-02-04 00:45:53 - SovereignCore - INFO - Dashboard updated at: E:\Sovereign_System\Dashboard\sovereign_dashboard_LIVE.html
2026-02-04 00:45:56 - SovereignCore - INFO - Dashboard updated at: E:\Sovereign_System\Dashboard\sovereign_dashboard_LIVE.html
2026-02-04 00:45:59 - SovereignCore - INFO - Dashboard updated at: E:\Sovereign_System\Dashboard\sovereign_dashboard_LIVE.html
2026-02-04 00:46:02 - SovereignCore - INFO - Dashboard updated at: E:\Sovereign_System\Dashboard\sovereign_dashboard_LIVE.html
2026-02-04 00:46:05 - SovereignCore - INFO - Dashboard updated at: E:\Sovereign_System\Dashboard\sovereign_dashboard_LIVE.html
2026-02-04 00:46:08 - SovereignCore - INFO - Dashboard updated at: E:\Sovereign_System\Dashboard\sovereign_dashboard_LIVE.html
2026-02-04 00:46:11 - SovereignCore - INFO - Dashboard updated at: E:\Sovereign_System\Dashboard\sovereign_dashboard_LIVE.html
2026-02-04 00:46:13 - SovereignCore - INFO - Update Cycle #20 - Performance Score: 100
2026-02-04 00:46:16 - SovereignCore - INFO - Dashboard updated at: E:\Sovereign_System\Dashboard\sovereign_dashboard_LIVE.html
2026-02-04 00:46:19 - SovereignCore - INFO - Dashboard updated at: E:\Sovereign_System\Dashboard\sovereign_dashboard_LIVE.html
2026-02-04 00:46:22 - SovereignCore - INFO - Dashboard updated at: E:\Sovereign_System\Dashboard\sovereign_dashboard_LIVE.html
2026-02-04 00:46:25 - SovereignCore - INFO - Dashboard updated at: E:\Sovereign_System\Dashboard\sovereign_dashboard_LIVE.html
2026-02-04 00:46:28 - SovereignCore - INFO - Dashboard updated at: E:\Sovereign_System\Dashboard\sovereign_dashboard_LIVE.html
2026-02-04 00:46:32 - SovereignCore - INFO - Dashboard updated at: E:\Sovereign_System\Dashboard\sovereign_dashboard_LIVE.html
2026-02-04 00:46:35 - SovereignCore - INFO - Dashboard updated at: E:\Sovereign_System\Dashboard\sovereign_dashboard_LIVE.html
2026-02-04 00:46:38 - SovereignCore - INFO - Dashboard updated at: E:\Sovereign_System\Dashboard\sovereign_dashboard_LIVE.html
2026-02-04 00:46:41 - SovereignCore - INFO - Dashboard updated at: E:\Sovereign_System\Dashboard\sovereign_dashboard_LIVE.html
2026-02-04 00:46:44 - SovereignCore - INFO - Dashboard updated at: E:\Sovereign_System\Dashboard\sovereign_dashboard_LIVE.html
2026-02-04 00:46:44 - SovereignCore - INFO - Update Cycle #30 - Performance Score: 100
2026-02-04 00:46:44 - SovereignCore - INFO - Memory Usage: 23.38 MB
2026-02-04 00:46:47 - SovereignCore - INFO - Dashboard updated at: E:\Sovereign_System\Dashboard\sovereign_dashboard_LIVE.html
2026-02-04 00:46:51 - SovereignCore - INFO - Dashboard updated at: E:\Sovereign_System\Dashboard\sovereign_dashboard_LIVE.html
2026-02-04 00:46:54 - SovereignCore - INFO - Dashboard updated at: E:\Sovereign_System\Dashboard\sovereign_dashboard_LIVE.html
2026-02-04 00:46:57 - SovereignCore - INFO - Dashboard updated at: E:\Sovereign_System\Dashboard\sovereign_dashboard_LIVE.html
2026-02-04 00:47:00 - SovereignCore - INFO - Dashboard updated at: E:\Sovereign_System\Dashboard\sovereign_dashboard_LIVE.html
2026-02-04 00:47:03 - SovereignCore - INFO - Dashboard updated at: E:\Sovereign_System\Dashboard\sovereign_dashboard_LIVE.html
2026-02-04 00:47:06 - SovereignCore - INFO - Dashboard updated at: E:\Sovereign_System\Dashboard\sovereign_dashboard_LIVE.html
2026-02-04 00:47:09 - SovereignCore - INFO - Dashboard updated at: E:\Sovereign_System\Dashboard\sovereign_dashboard_LIVE.html
2026-02-04 00:47:13 - SovereignCore - INFO - Dashboard updated at: E:\Sovereign_System\Dashboard\sovereign_dashboard_LIVE.html
2026-02-04 00:47:16 - SovereignCore - INFO - Dashboard updated at: E:\Sovereign_System\Dashboard\sovereign_dashboard_LIVE.html
2026-02-04 00:47:16 - SovereignCore - INFO - Update Cycle #40 - Performance Score: 100
2026-02-04 00:47:19 - SovereignCore - INFO - Dashboard updated at: E:\Sovereign_System\Dashboard\sovereign_dashboard_LIVE.html
2026-02-04 00:47:22 - SovereignCore - INFO - Dashboard updated at: E:\Sovereign_System\Dashboard\sovereign_dashboard_LIVE.html
2026-02-04 00:47:25 - SovereignCore - INFO - Dashboard updated at: E:\Sovereign_System\Dashboard\sovereign_dashboard_LIVE.html
2026-02-04 00:47:28 - SovereignCore - INFO - Dashboard updated at: E:\Sovereign_System\Dashboard\sovereign_dashboard_LIVE.html
